[fiberksa.com/index.html]
[backblue.gif]
[fade.gif]
[index.html]
[cdnjs.cloudflare.com/ajax/libs/font-awesome/6.5.0/css/all.min.css]
[fiberksa.com/assets/img/fav.png]
[fiberksa.com/assets/img/fav2.png]
[fiberksa.com/assets/vendor/aos/aos.css]
[fiberksa.com/assets/vendor/bootstrap/css/bootstrap.rtl.min.css]
[fiberksa.com/assets/css/style4e44.css]
[fiberksa.com/assets/css/desktop4963.css]
[fiberksa.com/assets/css/mobile4963.css]
[fiberksa.com/assets/img/logo.png]
[fiberksa.com/index-2.html]
[fiberksa.com/assets/img/1.jpg]
[fiberksa.com/assets/img/2.jpg]
[fiberksa.com/assets/img/3.jpg]
[fiberksa.com/assets/img/4.jpg]
[fiberksa.com/assets/img/5.jpg]
[fiberksa.com/assets/img/1-AZWHIZB_ar.png]
[fiberksa.com/assets/img/1-AZWHIOC_ar.png]
[fiberksa.com/assets/img/1-AZVV15L_ar.png]
[fiberksa.com/assets/img/1-BWM4LOP_ar.png]
[fiberksa.com/assets/img/PRE_LL_BAITY_300MB_12M_ar.png]
[fiberksa.com/assets/img/PRE_LL_BAITY_100MB_6M_ar.png]
[fiberksa.com/assets/img/box1.webp]
[fiberksa.com/assets/img/box2.webp]
[fiberksa.com/assets/img/baity.png]
[fiberksa.com/assets/img/new.png]
[fiberksa.com/assets/img/1-BAIA2E9_ar.png]
[fiberksa.com/assets/img/1-BAIA2DF_ar.png]
[fiberksa.com/assets/img/1-DJORQ9U_ar.png]
[fiberksa.com/assets/img/1-BAIA0EK_ar.png]
[fiberksa.com/assets/img/1-ECAALCO_ar.png]
[fiberksa.com/assets/img/1-DYB0H3A_ar.png]
[fiberksa.com/assets/img/1-DKI2KXF_ar.png]
[fiberksa.com/assets/img/1-DKHYY6E_ar.png]
[fiberksa.com/uploads/riyadahstc.png]
[fiberksa.com/1.html]
[fiberksa.com/uploads/qaseemstc.png]
[fiberksa.com/2.html]
[fiberksa.com/uploads/7ael.png]
[fiberksa.com/3.html]
[fiberksa.com/4.html]
[fiberksa.com/5.html]
[fiberksa.com/6.html]
[fiberksa.com/7.html]
[fiberksa.com/8.html]
[fiberksa.com/9.html]
[fiberksa.com/10.html]
[fiberksa.com/assets/vendor/aos/aos.js]
[fiberksa.com/assets/vendor/bootstrap/js/bootstrap.bundle.min.js]
[fiberksa.com/assets/vendor/tiny-swiper/index.min.js]
[fiberksa.com/assets/vendor/tiny-swiper/pagination.min.js]
[fiberksa.com/assets/vendor/tiny-swiper/autoPlay.min.js]
[fiberksa.com/assets/vendor/tiny-swiper/lazyload.min.js]
[fiberksa.com/index.html]
[cdnjs.cloudflare.com/ajax/libs/font-awesome/6.5.0/css/all.min.css]
[fiberksa.com/assets/vendor/aos/aos.css]
[fiberksa.com/assets/vendor/bootstrap/css/bootstrap.rtl.min.css]
[fiberksa.com/assets/js/main4963.js]
[fiberksa.com/assets/fonts/Cairo-ExtraLight.ttf]
[fiberksa.com/assets/fonts/Cairo-Light.ttf]
[fiberksa.com/assets/fonts/Cairo-Regular.ttf]
[fiberksa.com/assets/fonts/Cairo-Medium.ttf]
[fiberksa.com/assets/fonts/Cairo-SemiBold.ttf]
[fiberksa.com/assets/fonts/Cairo-Bold.ttf]
[fiberksa.com/assets/fonts/Cairo-ExtraBold.ttf]
[fiberksa.com/assets/fonts/Cairo-Black.ttf]
[fiberksa.com/assets/img/cta-bg.jpg]
[fiberksa.com/assets/css/style4e44.css]
[fiberksa.com/assets/css/desktop4963.css]
[fiberksa.com/assets/css/mobile4963.css]
[fiberksa.com/index-2.html]
[fiberksa.com/assets/img/Baity-Optics2.jpg]
[fiberksa.com/assets/img/callus.png]
[fiberksa.com/12.html]
[fiberksa.com/13.html]
[fiberksa.com/11.html]
[fiberksa.com/14.html]
[fiberksa.com/15.html]
[fiberksa.com/16.html]
[fiberksa.com/17.html]
[fiberksa.com/18.html]
[fiberksa.com/19.html]
[fiberksa.com/20.html]
[fiberksa.com/21.html]
[fiberksa.com/22.html]
[fiberksa.com/23.html]
[fiberksa.com/24.html]
[fiberksa.com/25.html]
[fiberksa.com/1.html]
[fiberksa.com/2.html]
[fiberksa.com/3.html]
[fiberksa.com/26.html]
[fiberksa.com/4.html]
[fiberksa.com/uploads/stcprice.png]
[fiberksa.com/5.html]
[fiberksa.com/uploads/riyadahstc2.png]
[fiberksa.com/6.html]
[fiberksa.com/uploads/sahafastc.png]
[fiberksa.com/7.html]
[fiberksa.com/uploads/yasmenstc.png]
[fiberksa.com/8.html]
[fiberksa.com/uploads/malkastc.png]
[fiberksa.com/9.html]
[fiberksa.com/uploads/narjesstc.png]
[fiberksa.com/10.html]
[fiberksa.com/assets/img/cta-bg.html]
[fiberksa.com/uploads/qirwanstc.png]
[fiberksa.com/11.html]
[fiberksa.com/uploads/yarmookstc.png]
[fiberksa.com/12.html]
[fiberksa.com/uploads/ghernatastc.png]
[fiberksa.com/13.html]
[fiberksa.com/14.html]
[fiberksa.com/15.html]
[fiberksa.com/16.html]
[fiberksa.com/17.html]
[fiberksa.com/18.html]
[fiberksa.com/19.html]
[fiberksa.com/20.html]
[fiberksa.com/21.html]
[fiberksa.com/22.html]
[fiberksa.com/23.html]
[fiberksa.com/24.html]
[fiberksa.com/25.html]
[fiberksa.com/26.html]
[fiberksa.com/uploads/agent.png]
